tsconfig.json(18,5): error TS5102: Option 'suppressImplicitAnyIndexErrors' has been removed. Please remove it from your configuration.
